Java HotSpot(TM) 64-Bit Server VM (24.79-b02) for linux-amd64 JRE (1.7.0_79-b15), built on Apr 10 2015 11:34:48 by "java_re" with gcc 4.3.0 20080428 (Red Hat 4.3.0-8)
Memory: 4k page, physical 15950468k(6591100k free), swap 8060924k(8060924k free)
CommandLine flags: -XX:+CMSClassUnloadingEnabled -XX:+CMSScavengeBeforeRemark -XX:+DisableExplicitGC -XX:InitialHeapSize=1073741824 -XX:+ManagementServer -XX:MaxHeapSize=1073741824 -XX:MaxNewSize=357916672 -XX:MaxTenuringThreshold=6 -XX:NewSize=357916672 -XX:OldPLABSize=16 -XX:OldSize=715825152 -XX:+PrintGC -XX:+PrintGCDateStamps -XX:+PrintGCDetails -XX:+PrintGCTimeStamps -XX:+UseCompressedOops -XX:+UseConcMarkSweepGC -XX:+UseParNewGC 
2015-11-18T20:28:43.873-0500: 2.014: [GC [1 CMS-initial-mark: 0K(699072K)] 139890K(1013632K), 0.0165000 secs] [Times: user=0.01 sys=0.00, real=0.02 secs] 
2015-11-18T20:28:43.889-0500: 2.030: [CMS-concurrent-mark-start]
2015-11-18T20:28:43.894-0500: 2.036: [CMS-concurrent-mark: 0.005/0.005 secs] [Times: user=0.01 sys=0.00, real=0.01 secs] 
2015-11-18T20:28:43.895-0500: 2.036: [CMS-concurrent-preclean-start]
2015-11-18T20:28:43.906-0500: 2.047: [CMS-concurrent-preclean: 0.011/0.011 secs] [Times: user=0.01 sys=0.00, real=0.01 secs] 
2015-11-18T20:28:43.906-0500: 2.047: [CMS-concurrent-abortable-preclean-start]
 CMS: abort preclean due to time 2015-11-18T20:28:48.912-0500: 7.053: [CMS-concurrent-abortable-preclean: 0.056/5.006 secs] [Times: user=0.09 sys=0.01, real=5.00 secs] 
2015-11-18T20:28:48.912-0500: 7.054: [GC[YG occupancy: 151080 K (314560 K)]2015-11-18T20:28:48.912-0500: 7.054: [GC2015-11-18T20:28:48.913-0500: 7.054: [ParNew: 151080K->10233K(314560K), 0.0074940 secs] 151080K->10233K(1013632K), 0.0075570 secs] [Times: user=0.03 sys=0.00, real=0.01 secs] 
2015-11-18T20:28:48.920-0500: 7.061: [Rescan (parallel) , 0.0029560 secs]2015-11-18T20:28:48.923-0500: 7.064: [weak refs processing, 0.0000140 secs]2015-11-18T20:28:48.923-0500: 7.064: [class unloading, 0.0006720 secs]2015-11-18T20:28:48.924-0500: 7.065: [scrub symbol table, 0.0009220 secs]2015-11-18T20:28:48.925-0500: 7.066: [scrub string table, 0.0001310 secs] [1 CMS-remark: 0K(699072K)] 10233K(1013632K), 0.0124770 secs] [Times: user=0.05 sys=0.00, real=0.02 secs] 
2015-11-18T20:28:48.925-0500: 7.066: [CMS-concurrent-sweep-start]
2015-11-18T20:28:48.928-0500: 7.069: [CMS-concurrent-sweep: 0.003/0.003 secs] [Times: user=0.01 sys=0.00, real=0.00 secs] 
2015-11-18T20:28:48.928-0500: 7.069: [CMS-concurrent-reset-start]
2015-11-18T20:28:48.930-0500: 7.071: [CMS-concurrent-reset: 0.002/0.002 secs] [Times: user=0.00 sys=0.01, real=0.00 secs] 
2015-11-19T00:28:43.016-0500: 14401.158: [GC2015-11-19T00:28:43.016-0500: 14401.158: [ParNew: 289849K->5904K(314560K), 0.0066130 secs] 289849K->5904K(1013632K), 0.0066810 secs] [Times: user=0.03 sys=0.00, real=0.00 secs] 
2015-11-19T05:35:38.017-0500: 32816.158: [GC2015-11-19T05:35:38.017-0500: 32816.158: [ParNew: 285520K->5908K(314560K), 0.0049680 secs] 285520K->5908K(1013632K), 0.0050310 secs] [Times: user=0.03 sys=0.00, real=0.00 secs] 
2015-11-19T21:04:38.004-0500: 88556.145: [GC2015-11-19T21:04:38.004-0500: 88556.146: [ParNew: 285524K->5418K(314560K), 0.0078300 secs] 285524K->5418K(1013632K), 0.0079190 secs] [Times: user=0.05 sys=0.00, real=0.01 secs] 
2015-11-20T23:55:01.103-0500: 185179.244: [GC2015-11-20T23:55:01.103-0500: 185179.244: [ParNew: 285034K->5389K(314560K), 0.0053690 secs] 285034K->5389K(1013632K), 0.0054260 secs] [Times: user=0.03 sys=0.00, real=0.01 secs] 
2015-11-21T05:31:02.125-0500: 205340.267: [GC2015-11-21T05:31:02.125-0500: 205340.267: [ParNew: 285005K->5554K(314560K), 0.0064270 secs] 285005K->5554K(1013632K), 0.0064880 secs] [Times: user=0.03 sys=0.00, real=0.00 secs] 
2015-11-21T11:12:09.406-0500: 225807.547: [GC2015-11-21T11:12:09.406-0500: 225807.547: [ParNew: 285170K->5165K(314560K), 0.0220170 secs] 285170K->7516K(1013632K), 0.0220840 secs] [Times: user=0.05 sys=0.00, real=0.02 secs] 
2015-11-21T16:55:50.888-0500: 246429.029: [GC2015-11-21T16:55:50.888-0500: 246429.029: [ParNew: 284781K->2168K(314560K), 0.0058320 secs] 287132K->5655K(1013632K), 0.0058970 secs] [Times: user=0.03 sys=0.00, real=0.00 secs] 
2015-11-21T22:40:52.987-0500: 267131.128: [GC2015-11-21T22:40:52.987-0500: 267131.128: [ParNew: 281784K->1522K(314560K), 0.0053570 secs] 285271K->5015K(1013632K), 0.0054170 secs] [Times: user=0.02 sys=0.00, real=0.00 secs] 
2015-11-22T04:27:13.538-0500: 287911.679: [GC2015-11-22T04:27:13.538-0500: 287911.679: [ParNew: 281138K->1372K(314560K), 0.0035360 secs] 284631K->4881K(1013632K), 0.0035950 secs] [Times: user=0.01 sys=0.00, real=0.00 secs] 
2015-11-22T10:13:55.041-0500: 308713.182: [GC2015-11-22T10:13:55.041-0500: 308713.182: [ParNew: 280988K->1261K(314560K), 0.0034580 secs] 284497K->4825K(1013632K), 0.0035180 secs] [Times: user=0.01 sys=0.00, real=0.00 secs] 
2015-11-22T16:00:17.270-0500: 329495.412: [GC2015-11-22T16:00:17.271-0500: 329495.412: [ParNew: 280877K->1262K(314560K), 0.0034240 secs] 284441K->4826K(1013632K), 0.0034810 secs] [Times: user=0.02 sys=0.00, real=0.00 secs] 
2015-11-22T21:47:21.936-0500: 350320.077: [GC2015-11-22T21:47:21.936-0500: 350320.077: [ParNew: 280878K->1305K(314560K), 0.0033970 secs] 284442K->4870K(1013632K), 0.0034600 secs] [Times: user=0.01 sys=0.00, real=0.00 secs] 
2015-11-23T03:34:26.327-0500: 371144.468: [GC2015-11-23T03:34:26.327-0500: 371144.468: [ParNew: 280921K->1326K(314560K), 0.0033330 secs] 284486K->4891K(1013632K), 0.0033890 secs] [Times: user=0.01 sys=0.00, real=0.00 secs] 
2015-11-23T09:22:11.327-0500: 392009.468: [GC2015-11-23T09:22:11.327-0500: 392009.468: [ParNew: 280942K->1314K(314560K), 0.0034120 secs] 284507K->4879K(1013632K), 0.0034710 secs] [Times: user=0.01 sys=0.00, real=0.00 secs] 
2015-11-23T16:04:04.240-0500: 416122.381: [GC2015-11-23T16:04:04.240-0500: 416122.381: [ParNew: 280930K->1377K(314560K), 0.0033410 secs] 284495K->4942K(1013632K), 0.0033980 secs] [Times: user=0.02 sys=0.00, real=0.01 secs] 
2015-11-23T21:51:44.223-0500: 436982.364: [GC2015-11-23T21:51:44.223-0500: 436982.364: [ParNew: 280993K->1447K(314560K), 0.0038890 secs] 284558K->5012K(1013632K), 0.0039470 secs] [Times: user=0.02 sys=0.00, real=0.00 secs] 
2015-11-24T03:35:59.223-0500: 457637.364: [GC2015-11-24T03:35:59.223-0500: 457637.365: [ParNew: 281063K->1346K(314560K), 0.0079930 secs] 284628K->4911K(1013632K), 0.0081400 secs] [Times: user=0.04 sys=0.00, real=0.01 secs] 
2015-11-24T09:24:59.168-0500: 478577.309: [GC2015-11-24T09:24:59.168-0500: 478577.309: [ParNew: 280962K->1398K(314560K), 0.0057350 secs] 284527K->4963K(1013632K), 0.0058030 secs] [Times: user=0.02 sys=0.00, real=0.01 secs] 
2015-11-24T15:38:14.136-0500: 500972.277: [GC2015-11-24T15:38:14.136-0500: 500972.277: [ParNew: 281014K->1335K(314560K), 0.0039420 secs] 284579K->4901K(1013632K), 0.0040030 secs] [Times: user=0.01 sys=0.00, real=0.00 secs] 
2015-11-25T17:56:33.451-0500: 595671.592: [GC2015-11-25T17:56:33.451-0500: 595671.593: [ParNew: 280951K->1333K(314560K), 0.2904630 secs] 284517K->4898K(1013632K), 0.2911730 secs] [Times: user=1.06 sys=0.00, real=0.29 secs] 
2015-11-25T23:45:20.043-0500: 616598.184: [GC2015-11-25T23:45:20.043-0500: 616598.184: [ParNew: 280949K->1463K(314560K), 0.0120320 secs] 284514K->5039K(1013632K), 0.0121040 secs] [Times: user=0.02 sys=0.00, real=0.01 secs] 
2015-11-26T05:33:40.045-0500: 637498.187: [GC2015-11-26T05:33:40.046-0500: 637498.187: [ParNew: 281079K->1426K(314560K), 0.0038580 secs] 284655K->5001K(1013632K), 0.0048700 secs] [Times: user=0.02 sys=0.00, real=0.01 secs] 
2015-11-26T11:22:05.040-0500: 658403.181: [GC2015-11-26T11:22:05.040-0500: 658403.181: [ParNew: 281042K->1394K(314560K), 0.0058020 secs] 284617K->4972K(1013632K), 0.0058680 secs] [Times: user=0.03 sys=0.00, real=0.00 secs] 
2015-11-26T17:11:20.044-0500: 679358.185: [GC2015-11-26T17:11:20.044-0500: 679358.185: [ParNew: 281010K->1383K(314560K), 0.0044440 secs] 284588K->4961K(1013632K), 0.0045310 secs] [Times: user=0.02 sys=0.00, real=0.01 secs] 
2015-11-26T23:01:14.431-0500: 700352.572: [GC2015-11-26T23:01:14.431-0500: 700352.572: [ParNew: 280999K->1363K(314560K), 0.0038620 secs] 284577K->4943K(1013632K), 0.0039480 secs] [Times: user=0.02 sys=0.00, real=0.00 secs] 
2015-11-27T04:50:08.078-0500: 721286.219: [GC2015-11-27T04:50:08.078-0500: 721286.219: [ParNew: 280979K->1393K(314560K), 0.0098580 secs] 284559K->5015K(1013632K), 0.0099400 secs] [Times: user=0.07 sys=0.00, real=0.01 secs] 
2015-11-27T10:39:55.045-0500: 742273.186: [GC2015-11-27T10:39:55.045-0500: 742273.186: [ParNew: 281009K->1320K(314560K), 0.0071740 secs] 284631K->4958K(1013632K), 0.0072530 secs] [Times: user=0.05 sys=0.00, real=0.01 secs] 
2015-11-27T16:30:19.682-0500: 763297.823: [GC2015-11-27T16:30:19.682-0500: 763297.823: [ParNew: 280936K->1304K(314560K), 0.0077520 secs] 284574K->4942K(1013632K), 0.0078490 secs] [Times: user=0.04 sys=0.00, real=0.01 secs] 
2015-11-27T22:19:23.343-0500: 784241.484: [GC2015-11-27T22:19:23.343-0500: 784241.484: [ParNew: 280920K->1261K(314560K), 0.0065390 secs] 284558K->4899K(1013632K), 0.0066390 secs] [Times: user=0.03 sys=0.00, real=0.01 secs] 
2015-11-28T04:08:55.043-0500: 805213.185: [GC2015-11-28T04:08:55.043-0500: 805213.185: [ParNew: 280877K->1287K(314560K), 0.0034850 secs] 284515K->4924K(1013632K), 0.0035550 secs] [Times: user=0.02 sys=0.00, real=0.00 secs] 
2015-11-28T09:58:20.052-0500: 826178.193: [GC2015-11-28T09:58:20.052-0500: 826178.193: [ParNew: 280903K->1320K(314560K), 0.0037640 secs] 284540K->4957K(1013632K), 0.0038410 secs] [Times: user=0.02 sys=0.00, real=0.00 secs] 
